/home/administrator/pumpfun-telegram-bot/main.py:97: PTBUserWarning: If 'per_message=False', 'CallbackQueryHandler' will not be tracked for every message. Read this FAQ entry to learn more about the per_* settings: https://github.com/python-telegram-bot/python-telegram-bot/wiki/Frequently-Asked-Questions#what-do-the-per_-settings-in-conversationhandler-do.
  buy_conv = ConversationHandler(
2026-09-04 15:12:27,856 - __main__ - INFO - Bot started!
2026-09-04 15:12:28,549 - httpx - INFO - HTTP Request: POST https://api.telegram.org/bot8472009809:AAEVv9WNeIaB5Dsi-pXAhKsOkVTFSausXXI/getMe "HTTP/1.1 200 OK"
2026-09-04 15:12:28,682 - httpx - INFO - HTTP Request: POST https://api.telegram.org/bot8472009809:AAEVv9WNeIaB5Dsi-pXAhKsOkVTFSausXXI/setMyCommands "HTTP/1.1 200 OK"
2026-09-04 15:12:28,684 - __main__ - INFO - Bot command menu set
2026-09-04 15:12:28,796 - httpx - INFO - HTTP Request: POST https://api.telegram.org/bot8472009809:AAEVv9WNeIaB5Dsi-pXAhKsOkVTFSausXXI/deleteWebhook "HTTP/1.1 200 OK"
2026-09-04 15:12:28,802 - telegram.ext.Application - INFO - Application started
2026-09-04 15:12:39,395 - httpx - INFO - HTTP Request: POST https://api.telegram.org/bot8472009809:AAEVv9WNeIaB5Dsi-pXAhKsOkVTFSausXXI/getUpdates "HTTP/1.1 200 OK"
2026-09-04 15:12:49,510 - httpx - INFO - HTTP Request: POST https://api.telegram.org/bot8472009809:AAEVv9WNeIaB5Dsi-pXAhKsOkVTFSausXXI/getUpdates "HTTP/1.1 200 OK"
2026-09-04 15:12:59,623 - httpx - INFO - HTTP Request: POST https://api.telegram.org/bot8472009809:AAEVv9WNeIaB5Dsi-pXAhKsOkVTFSausXXI/getUpdates "HTTP/1.1 200 OK"
2026-09-04 15:13:09,737 - httpx - INFO - HTTP Request: POST https://api.telegram.org/bot8472009809:AAEVv9WNeIaB5Dsi-pXAhKsOkVTFSausXXI/getUpdates "HTTP/1.1 200 OK"
2026-09-04 15:13:19,852 - httpx - INFO - HTTP Request: POST https://api.telegram.org/bot8472009809:AAEVv9WNeIaB5Dsi-pXAhKsOkVTFSausXXI/getUpdates "HTTP/1.1 200 OK"
2026-09-04 15:13:29,964 - httpx - INFO - HTTP Request: POST https://api.telegram.org/bot8472009809:AAEVv9WNeIaB5Dsi-pXAhKsOkVTFSausXXI/getUpdates "HTTP/1.1 200 OK"
2026-09-04 15:13:40,079 - httpx - INFO - HTTP Request: POST https://api.telegram.org/bot8472009809:AAEVv9WNeIaB5Dsi-pXAhKsOkVTFSausXXI/getUpdates "HTTP/1.1 200 OK"
2026-09-04 15:13:50,192 - httpx - INFO - HTTP Request: POST https://api.telegram.org/bot8472009809:AAEVv9WNeIaB5Dsi-pXAhKsOkVTFSausXXI/getUpdates "HTTP/1.1 200 OK"
2026-09-04 15:14:00,309 - httpx - INFO - HTTP Request: POST https://api.telegram.org/bot8472009809:AAEVv9WNeIaB5Dsi-pXAhKsOkVTFSausXXI/getUpdates "HTTP/1.1 200 OK"
2026-09-04 15:14:10,425 - httpx - INFO - HTTP Request: POST https://api.telegram.org/bot8472009809:AAEVv9WNeIaB5Dsi-pXAhKsOkVTFSausXXI/getUpdates "HTTP/1.1 200 OK"
2026-09-04 15:14:20,541 - httpx - INFO - HTTP Request: POST https://api.telegram.org/bot8472009809:AAEVv9WNeIaB5Dsi-pXAhKsOkVTFSausXXI/getUpdates "HTTP/1.1 200 OK"
2026-09-04 15:14:30,657 - httpx - INFO - HTTP Request: POST https://api.telegram.org/bot8472009809:AAEVv9WNeIaB5Dsi-pXAhKsOkVTFSausXXI/getUpdates "HTTP/1.1 200 OK"
2026-09-04 15:14:40,771 - httpx - INFO - HTTP Request: POST https://api.telegram.org/bot8472009809:AAEVv9WNeIaB5Dsi-pXAhKsOkVTFSausXXI/getUpdates "HTTP/1.1 200 OK"
2026-09-04 15:14:50,886 - httpx - INFO - HTTP Request: POST https://api.telegram.org/bot8472009809:AAEVv9WNeIaB5Dsi-pXAhKsOkVTFSausXXI/getUpdates "HTTP/1.1 200 OK"
2026-09-04 15:15:01,000 - httpx - INFO - HTTP Request: POST https://api.telegram.org/bot8472009809:AAEVv9WNeIaB5Dsi-pXAhKsOkVTFSausXXI/getUpdates "HTTP/1.1 200 OK"
2026-09-04 15:15:11,116 - httpx - INFO - HTTP Request: POST https://api.telegram.org/bot8472009809:AAEVv9WNeIaB5Dsi-pXAhKsOkVTFSausXXI/getUpdates "HTTP/1.1 200 OK"
2026-09-04 15:15:21,233 - httpx - INFO - HTTP Request: POST https://api.telegram.org/bot8472009809:AAEVv9WNeIaB5Dsi-pXAhKsOkVTFSausXXI/getUpdates "HTTP/1.1 200 OK"
2026-09-04 15:15:31,353 - httpx - INFO - HTTP Request: POST https://api.telegram.org/bot8472009809:AAEVv9WNeIaB5Dsi-pXAhKsOkVTFSausXXI/getUpdates "HTTP/1.1 200 OK"
2026-09-04 15:15:41,471 - httpx - INFO - HTTP Request: POST https://api.telegram.org/bot8472009809:AAEVv9WNeIaB5Dsi-pXAhKsOkVTFSausXXI/getUpdates "HTTP/1.1 200 OK"
2026-09-04 15:15:51,590 - httpx - INFO - HTTP Request: POST https://api.telegram.org/bot8472009809:AAEVv9WNeIaB5Dsi-pXAhKsOkVTFSausXXI/getUpdates "HTTP/1.1 200 OK"
2026-09-04 15:16:01,704 - httpx - INFO - HTTP Request: POST https://api.telegram.org/bot8472009809:AAEVv9WNeIaB5Dsi-pXAhKsOkVTFSausXXI/getUpdates "HTTP/1.1 200 OK"
2026-09-04 15:16:11,818 - httpx - INFO - HTTP Request: POST https://api.telegram.org/bot8472009809:AAEVv9WNeIaB5Dsi-pXAhKsOkVTFSausXXI/getUpdates "HTTP/1.1 200 OK"
2026-09-04 15:16:21,932 - httpx - INFO - HTTP Request: POST https://api.telegram.org/bot8472009809:AAEVv9WNeIaB5Dsi-pXAhKsOkVTFSausXXI/getUpdates "HTTP/1.1 200 OK"
2026-09-04 15:16:32,046 - httpx - INFO - HTTP Request: POST https://api.telegram.org/bot8472009809:AAEVv9WNeIaB5Dsi-pXAhKsOkVTFSausXXI/getUpdates "HTTP/1.1 200 OK"
2026-09-04 15:16:42,161 - httpx - INFO - HTTP Request: POST https://api.telegram.org/bot8472009809:AAEVv9WNeIaB5Dsi-pXAhKsOkVTFSausXXI/getUpdates "HTTP/1.1 200 OK"
2026-09-04 15:16:52,274 - httpx - INFO - HTTP Request: POST https://api.telegram.org/bot8472009809:AAEVv9WNeIaB5Dsi-pXAhKsOkVTFSausXXI/getUpdates "HTTP/1.1 200 OK"
2026-09-04 15:17:02,388 - httpx - INFO - HTTP Request: POST https://api.telegram.org/bot8472009809:AAEVv9WNeIaB5Dsi-pXAhKsOkVTFSausXXI/getUpdates "HTTP/1.1 200 OK"
2026-09-04 15:17:12,502 - httpx - INFO - HTTP Request: POST https://api.telegram.org/bot8472009809:AAEVv9WNeIaB5Dsi-pXAhKsOkVTFSausXXI/getUpdates "HTTP/1.1 200 OK"
2026-09-04 15:17:22,615 - httpx - INFO - HTTP Request: POST https://api.telegram.org/bot8472009809:AAEVv9WNeIaB5Dsi-pXAhKsOkVTFSausXXI/getUpdates "HTTP/1.1 200 OK"
2026-09-04 15:17:32,729 - httpx - INFO - HTTP Request: POST https://api.telegram.org/bot8472009809:AAEVv9WNeIaB5Dsi-pXAhKsOkVTFSausXXI/getUpdates "HTTP/1.1 200 OK"
2026-09-04 15:17:42,846 - httpx - INFO - HTTP Request: POST https://api.telegram.org/bot8472009809:AAEVv9WNeIaB5Dsi-pXAhKsOkVTFSausXXI/getUpdates "HTTP/1.1 200 OK"
2026-09-04 15:17:52,963 - httpx - INFO - HTTP Request: POST https://api.telegram.org/bot8472009809:AAEVv9WNeIaB5Dsi-pXAhKsOkVTFSausXXI/getUpdates "HTTP/1.1 200 OK"
2026-09-04 15:18:03,078 - httpx - INFO - HTTP Request: POST https://api.telegram.org/bot8472009809:AAEVv9WNeIaB5Dsi-pXAhKsOkVTFSausXXI/getUpdates "HTTP/1.1 200 OK"
2026-09-04 15:18:13,192 - httpx - INFO - HTTP Request: POST https://api.telegram.org/bot8472009809:AAEVv9WNeIaB5Dsi-pXAhKsOkVTFSausXXI/getUpdates "HTTP/1.1 200 OK"
2026-09-04 15:18:23,318 - httpx - INFO - HTTP Request: POST https://api.telegram.org/bot8472009809:AAEVv9WNeIaB5Dsi-pXAhKsOkVTFSausXXI/getUpdates "HTTP/1.1 200 OK"
2026-09-04 15:18:33,432 - httpx - INFO - HTTP Request: POST https://api.telegram.org/bot8472009809:AAEVv9WNeIaB5Dsi-pXAhKsOkVTFSausXXI/getUpdates "HTTP/1.1 200 OK"
2026-09-04 15:18:43,546 - httpx - INFO - HTTP Request: POST https://api.telegram.org/bot8472009809:AAEVv9WNeIaB5Dsi-pXAhKsOkVTFSausXXI/getUpdates "HTTP/1.1 200 OK"
2026-09-04 15:18:53,663 - httpx - INFO - HTTP Request: POST https://api.telegram.org/bot8472009809:AAEVv9WNeIaB5Dsi-pXAhKsOkVTFSausXXI/getUpdates "HTTP/1.1 200 OK"
2026-09-04 15:19:03,777 - httpx - INFO - HTTP Request: POST https://api.telegram.org/bot8472009809:AAEVv9WNeIaB5Dsi-pXAhKsOkVTFSausXXI/getUpdates "HTTP/1.1 200 OK"
2026-09-04 15:19:13,892 - httpx - INFO - HTTP Request: POST https://api.telegram.org/bot8472009809:AAEVv9WNeIaB5Dsi-pXAhKsOkVTFSausXXI/getUpdates "HTTP/1.1 200 OK"
2026-09-04 15:19:24,005 - httpx - INFO - HTTP Request: POST https://api.telegram.org/bot8472009809:AAEVv9WNeIaB5Dsi-pXAhKsOkVTFSausXXI/getUpdates "HTTP/1.1 200 OK"
2026-09-04 15:19:34,118 - httpx - INFO - HTTP Request: POST https://api.telegram.org/bot8472009809:AAEVv9WNeIaB5Dsi-pXAhKsOkVTFSausXXI/getUpdates "HTTP/1.1 200 OK"
2026-09-04 15:19:44,232 - httpx - INFO - HTTP Request: POST https://api.telegram.org/bot8472009809:AAEVv9WNeIaB5Dsi-pXAhKsOkVTFSausXXI/getUpdates "HTTP/1.1 200 OK"
2026-09-04 15:19:54,358 - httpx - INFO - HTTP Request: POST https://api.telegram.org/bot8472009809:AAEVv9WNeIaB5Dsi-pXAhKsOkVTFSausXXI/getUpdates "HTTP/1.1 200 OK"
2026-09-04 15:20:04,472 - httpx - INFO - HTTP Request: POST https://api.telegram.org/bot8472009809:AAEVv9WNeIaB5Dsi-pXAhKsOkVTFSausXXI/getUpdates "HTTP/1.1 200 OK"
2026-09-04 15:20:14,588 - httpx - INFO - HTTP Request: POST https://api.telegram.org/bot8472009809:AAEVv9WNeIaB5Dsi-pXAhKsOkVTFSausXXI/getUpdates "HTTP/1.1 200 OK"
2026-09-04 15:20:24,704 - httpx - INFO - HTTP Request: POST https://api.telegram.org/bot8472009809:AAEVv9WNeIaB5Dsi-pXAhKsOkVTFSausXXI/getUpdates "HTTP/1.1 200 OK"
2026-09-04 15:20:34,820 - httpx - INFO - HTTP Request: POST https://api.telegram.org/bot8472009809:AAEVv9WNeIaB5Dsi-pXAhKsOkVTFSausXXI/getUpdates "HTTP/1.1 200 OK"
2026-09-04 15:20:44,940 - httpx - INFO - HTTP Request: POST https://api.telegram.org/bot8472009809:AAEVv9WNeIaB5Dsi-pXAhKsOkVTFSausXXI/getUpdates "HTTP/1.1 200 OK"
2026-09-04 15:20:55,058 - httpx - INFO - HTTP Request: POST https://api.telegram.org/bot8472009809:AAEVv9WNeIaB5Dsi-pXAhKsOkVTFSausXXI/getUpdates "HTTP/1.1 200 OK"
2026-09-04 15:21:05,173 - httpx - INFO - HTTP Request: POST https://api.telegram.org/bot8472009809:AAEVv9WNeIaB5Dsi-pXAhKsOkVTFSausXXI/getUpdates "HTTP/1.1 200 OK"
2026-09-04 15:21:15,288 - httpx - INFO - HTTP Request: POST https://api.telegram.org/bot8472009809:AAEVv9WNeIaB5Dsi-pXAhKsOkVTFSausXXI/getUpdates "HTTP/1.1 200 OK"
2026-09-04 15:21:25,403 - httpx - INFO - HTTP Request: POST https://api.telegram.org/bot8472009809:AAEVv9WNeIaB5Dsi-pXAhKsOkVTFSausXXI/getUpdates "HTTP/1.1 200 OK"
2026-09-04 15:21:35,518 - httpx - INFO - HTTP Request: POST https://api.telegram.org/bot8472009809:AAEVv9WNeIaB5Dsi-pXAhKsOkVTFSausXXI/getUpdates "HTTP/1.1 200 OK"
2026-09-04 15:21:45,634 - httpx - INFO - HTTP Request: POST https://api.telegram.org/bot8472009809:AAEVv9WNeIaB5Dsi-pXAhKsOkVTFSausXXI/getUpdates "HTTP/1.1 200 OK"
2026-09-04 15:21:55,754 - httpx - INFO - HTTP Request: POST https://api.telegram.org/bot8472009809:AAEVv9WNeIaB5Dsi-pXAhKsOkVTFSausXXI/getUpdates "HTTP/1.1 200 OK"
2026-09-04 15:22:05,871 - httpx - INFO - HTTP Request: POST https://api.telegram.org/bot8472009809:AAEVv9WNeIaB5Dsi-pXAhKsOkVTFSausXXI/getUpdates "HTTP/1.1 200 OK"
2026-09-04 15:22:15,985 - httpx - INFO - HTTP Request: POST https://api.telegram.org/bot8472009809:AAEVv9WNeIaB5Dsi-pXAhKsOkVTFSausXXI/getUpdates "HTTP/1.1 200 OK"
2026-09-04 15:22:26,100 - httpx - INFO - HTTP Request: POST https://api.telegram.org/bot8472009809:AAEVv9WNeIaB5Dsi-pXAhKsOkVTFSausXXI/getUpdates "HTTP/1.1 200 OK"
2026-09-04 15:22:36,213 - httpx - INFO - HTTP Request: POST https://api.telegram.org/bot8472009809:AAEVv9WNeIaB5Dsi-pXAhKsOkVTFSausXXI/getUpdates "HTTP/1.1 200 OK"
2026-09-04 15:22:46,328 - httpx - INFO - HTTP Request: POST https://api.telegram.org/bot8472009809:AAEVv9WNeIaB5Dsi-pXAhKsOkVTFSausXXI/getUpdates "HTTP/1.1 200 OK"
2026-09-04 15:22:56,442 - httpx - INFO - HTTP Request: POST https://api.telegram.org/bot8472009809:AAEVv9WNeIaB5Dsi-pXAhKsOkVTFSausXXI/getUpdates "HTTP/1.1 200 OK"
2026-09-04 15:23:06,555 - httpx - INFO - HTTP Request: POST https://api.telegram.org/bot8472009809:AAEVv9WNeIaB5Dsi-pXAhKsOkVTFSausXXI/getUpdates "HTTP/1.1 200 OK"
2026-09-04 15:23:16,673 - httpx - INFO - HTTP Request: POST https://api.telegram.org/bot8472009809:AAEVv9WNeIaB5Dsi-pXAhKsOkVTFSausXXI/getUpdates "HTTP/1.1 200 OK"
2026-09-04 15:23:26,788 - httpx - INFO - HTTP Request: POST https://api.telegram.org/bot8472009809:AAEVv9WNeIaB5Dsi-pXAhKsOkVTFSausXXI/getUpdates "HTTP/1.1 200 OK"
2026-09-04 15:23:36,903 - httpx - INFO - HTTP Request: POST https://api.telegram.org/bot8472009809:AAEVv9WNeIaB5Dsi-pXAhKsOkVTFSausXXI/getUpdates "HTTP/1.1 200 OK"
2026-09-04 15:23:47,017 - httpx - INFO - HTTP Request: POST https://api.telegram.org/bot8472009809:AAEVv9WNeIaB5Dsi-pXAhKsOkVTFSausXXI/getUpdates "HTTP/1.1 200 OK"
2026-09-04 15:23:57,134 - httpx - INFO - HTTP Request: POST https://api.telegram.org/bot8472009809:AAEVv9WNeIaB5Dsi-pXAhKsOkVTFSausXXI/getUpdates "HTTP/1.1 200 OK"
2026-09-04 15:24:07,248 - httpx - INFO - HTTP Request: POST https://api.telegram.org/bot8472009809:AAEVv9WNeIaB5Dsi-pXAhKsOkVTFSausXXI/getUpdates "HTTP/1.1 200 OK"
2026-09-04 15:24:17,360 - httpx - INFO - HTTP Request: POST https://api.telegram.org/bot8472009809:AAEVv9WNeIaB5Dsi-pXAhKsOkVTFSausXXI/getUpdates "HTTP/1.1 200 OK"
2026-09-04 15:24:27,474 - httpx - INFO - HTTP Request: POST https://api.telegram.org/bot8472009809:AAEVv9WNeIaB5Dsi-pXAhKsOkVTFSausXXI/getUpdates "HTTP/1.1 200 OK"
2026-09-04 15:24:37,587 - httpx - INFO - HTTP Request: POST https://api.telegram.org/bot8472009809:AAEVv9WNeIaB5Dsi-pXAhKsOkVTFSausXXI/getUpdates "HTTP/1.1 200 OK"
2026-09-04 15:24:47,701 - httpx - INFO - HTTP Request: POST https://api.telegram.org/bot8472009809:AAEVv9WNeIaB5Dsi-pXAhKsOkVTFSausXXI/getUpdates "HTTP/1.1 200 OK"
2026-09-04 15:24:57,816 - httpx - INFO - HTTP Request: POST https://api.telegram.org/bot8472009809:AAEVv9WNeIaB5Dsi-pXAhKsOkVTFSausXXI/getUpdates "HTTP/1.1 200 OK"
2026-09-04 15:25:07,931 - httpx - INFO - HTTP Request: POST https://api.telegram.org/bot8472009809:AAEVv9WNeIaB5Dsi-pXAhKsOkVTFSausXXI/getUpdates "HTTP/1.1 200 OK"
2026-09-04 15:25:18,046 - httpx - INFO - HTTP Request: POST https://api.telegram.org/bot8472009809:AAEVv9WNeIaB5Dsi-pXAhKsOkVTFSausXXI/getUpdates "HTTP/1.1 200 OK"
2026-09-04 15:25:28,162 - httpx - INFO - HTTP Request: POST https://api.telegram.org/bot8472009809:AAEVv9WNeIaB5Dsi-pXAhKsOkVTFSausXXI/getUpdates "HTTP/1.1 200 OK"
2026-09-04 15:25:38,276 - httpx - INFO - HTTP Request: POST https://api.telegram.org/bot8472009809:AAEVv9WNeIaB5Dsi-pXAhKsOkVTFSausXXI/getUpdates "HTTP/1.1 200 OK"
2026-09-04 15:25:48,391 - httpx - INFO - HTTP Request: POST https://api.telegram.org/bot8472009809:AAEVv9WNeIaB5Dsi-pXAhKsOkVTFSausXXI/getUpdates "HTTP/1.1 200 OK"
2026-09-04 15:25:58,507 - httpx - INFO - HTTP Request: POST https://api.telegram.org/bot8472009809:AAEVv9WNeIaB5Dsi-pXAhKsOkVTFSausXXI/getUpdates "HTTP/1.1 200 OK"
2026-09-04 15:26:08,630 - httpx - INFO - HTTP Request: POST https://api.telegram.org/bot8472009809:AAEVv9WNeIaB5Dsi-pXAhKsOkVTFSausXXI/getUpdates "HTTP/1.1 200 OK"
2026-09-04 15:26:18,745 - httpx - INFO - HTTP Request: POST https://api.telegram.org/bot8472009809:AAEVv9WNeIaB5Dsi-pXAhKsOkVTFSausXXI/getUpdates "HTTP/1.1 200 OK"
